2026-10-05 09:22:12  Started. Scheduled end: 2026-10-05 10:22:12.
2026-10-05 09:24:22  F15 pulse sent successfully to Operations Pool.
2026-10-05 09:25:40  Started. Scheduled end: 2026-10-05 17:25:40.
2026-10-05 09:25:53  F15 pulse sent successfully to Operations Pool.
2026-10-05 09:32:38  F15 pulse sent successfully to Operations Pool.
2026-10-05 09:33:12  Stopped.
2026-10-05 09:37:31  Started. Pulse interval: 30 seconds. Scheduled end: 2026-10-05 10:37:31.
2026-10-05 09:37:33  F15 pulse sent to Operations Pool (foreground input).
2026-10-05 09:38:14  F15 pulse sent to Operations Pool (foreground input).
2026-10-05 09:38:45  F15 pulse sent to Operations Pool (foreground input).
2026-10-05 09:39:28  Started. Pulse interval: 120 seconds. Scheduled end: 2026-10-05 17:39:28.
2026-10-05 09:42:44  Stopped.
2026-10-05 09:43:03  Started. Pulse interval: 120 seconds. Scheduled end: 2026-10-05 17:43:03.
2026-10-05 09:43:05  F15 pulse sent to Operations Pool (background).
2026-10-05 09:45:05  F15 pulse sent to Operations Pool (background).
2026-10-05 09:46:01  Stopped.
2026-10-05 09:46:14  Started. Pulse interval: 10 seconds. Scheduled end: 2026-10-05 17:46:14.
2026-10-05 09:46:16  F15 pulse sent to Operations Pool (background).
2026-10-05 09:46:26  F15 pulse sent to Operations Pool (background).
2026-10-05 09:46:36  F15 pulse sent to Operations Pool (background).
2026-10-05 09:46:47  F15 pulse sent to Operations Pool (background).
2026-10-05 09:47:39  F15 pulse sent to Operations Pool (background).
2026-10-05 09:47:50  F15 pulse sent to Operations Pool (background).
2026-10-05 09:48:01  F15 pulse sent to Operations Pool (background).
2026-10-05 09:48:12  F15 pulse sent to Operations Pool (background).
2026-10-05 09:48:23  F15 pulse sent to Operations Pool (background).
2026-10-05 09:48:34  F15 pulse sent to Operations Pool (background).
2026-10-05 09:48:45  F15 pulse sent to Operations Pool (background).
2026-10-05 09:48:56  F15 pulse sent to Operations Pool (background).
2026-10-05 09:49:59  F15 pulse sent to Operations Pool (foreground input).
2026-10-05 09:51:14  F15 pulse sent to Operations Pool (background).
2026-10-05 09:51:25  F15 pulse sent to Operations Pool (background).
2026-10-05 09:51:36  F15 pulse sent to Operations Pool (background).
2026-10-05 09:51:47  F15 pulse sent to Operations Pool (background).
2026-10-05 09:51:58  F15 pulse sent to Operations Pool (background).
2026-10-05 09:52:09  F15 pulse sent to Operations Pool (background).
2026-10-05 09:52:20  F15 pulse sent to Operations Pool (background).
2026-10-05 09:52:31  F15 pulse sent to Operations Pool (background).
2026-10-05 09:52:42  F15 pulse sent to Operations Pool (background).
2026-10-05 09:52:53  F15 pulse sent to Operations Pool (background).
2026-10-05 09:53:03  F15 pulse sent to Operations Pool (background).
2026-10-05 09:53:14  F15 pulse sent to Operations Pool (background).
2026-10-05 09:53:25  F15 pulse sent to Operations Pool (background).
2026-10-05 09:53:35  F15 pulse sent to Operations Pool (background).
2026-10-05 09:53:46  F15 pulse sent to Operations Pool (background).
2026-10-05 09:53:57  F15 pulse sent to Operations Pool (background).
2026-10-05 09:54:08  F15 pulse sent to Operations Pool (background).
2026-10-05 09:54:19  F15 pulse sent to Operations Pool (background).
2026-10-05 09:54:30  F15 pulse sent to Operations Pool (background).
2026-10-05 09:54:41  F15 pulse sent to Operations Pool (background).
2026-10-05 09:54:52  F15 pulse sent to Operations Pool (background).
2026-10-05 09:55:03  F15 pulse sent to Operations Pool (background).
2026-10-05 09:55:14  F15 pulse sent to Operations Pool (background).
2026-10-05 09:55:25  F15 pulse sent to Operations Pool (background).
2026-10-05 09:55:36  F15 pulse sent to Operations Pool (background).
2026-10-05 09:55:47  F15 pulse sent to Operations Pool (background).
2026-10-05 09:55:58  F15 pulse sent to Operations Pool (background).
2026-10-05 09:56:09  F15 pulse sent to Operations Pool (background).
2026-10-05 09:56:20  F15 pulse sent to Operations Pool (background).
2026-10-05 09:56:31  F15 pulse sent to Operations Pool (background).
2026-10-05 09:56:42  F15 pulse sent to Operations Pool (background).
2026-10-05 09:56:52  F15 pulse sent to Operations Pool (background).
2026-10-05 09:57:03  F15 pulse sent to Operations Pool (background).
2026-10-05 09:57:14  F15 pulse sent to Operations Pool (background).
2026-10-05 09:57:25  F15 pulse sent to Operations Pool (background).
2026-10-05 09:57:36  F15 pulse sent to Operations Pool (background).
2026-10-05 09:57:47  F15 pulse sent to Operations Pool (background).
2026-10-05 09:57:58  F15 pulse sent to Operations Pool (background).
2026-10-05 09:58:09  F15 pulse sent to Operations Pool (background).
2026-10-05 09:58:20  F15 pulse sent to Operations Pool (background).
2026-10-05 09:58:31  F15 pulse sent to Operations Pool (background).
2026-10-05 09:58:41  F15 pulse sent to Operations Pool (background).
2026-10-05 09:58:52  F15 pulse sent to Operations Pool (background).
2026-10-05 09:59:02  F15 pulse sent to Operations Pool (background).
2026-10-05 09:59:13  F15 pulse sent to Operations Pool (background).
2026-10-05 09:59:24  F15 pulse sent to Operations Pool (background).
2026-10-05 09:59:35  F15 pulse sent to Operations Pool (background).
2026-10-05 09:59:45  F15 pulse sent to Operations Pool (background).
2026-10-05 09:59:56  F15 pulse sent to Operations Pool (background).
2026-10-05 10:00:06  F15 pulse sent to Operations Pool (background).
2026-10-05 10:00:17  F15 pulse sent to Operations Pool (background).
2026-10-05 10:00:28  F15 pulse sent to Operations Pool (background).
2026-10-05 10:00:39  F15 pulse sent to Operations Pool (background).
2026-10-05 10:00:50  F15 pulse sent to Operations Pool (background).
2026-10-05 10:01:01  F15 pulse sent to Operations Pool (background).
2026-10-05 10:01:12  F15 pulse sent to Operations Pool (background).
2026-10-05 10:01:23  F15 pulse sent to Operations Pool (background).
2026-10-05 10:01:34  F15 pulse sent to Operations Pool (background).
2026-10-05 10:01:45  F15 pulse sent to Operations Pool (background).
2026-10-05 10:01:56  F15 pulse sent to Operations Pool (background).
2026-10-05 10:02:07  F15 pulse sent to Operations Pool (background).
2026-10-05 10:02:18  F15 pulse sent to Operations Pool (background).
2026-10-05 10:02:28  F15 pulse sent to Operations Pool (background).
2026-10-05 10:02:39  F15 pulse sent to Operations Pool (background).
2026-10-05 10:02:50  F15 pulse sent to Operations Pool (background).
2026-10-05 10:03:00  F15 pulse sent to Operations Pool (background).
2026-10-05 10:03:11  F15 pulse sent to Operations Pool (background).
2026-10-05 10:03:22  F15 pulse sent to Operations Pool (background).
2026-10-05 10:03:32  F15 pulse sent to Operations Pool (background).
2026-10-05 10:03:43  F15 pulse sent to Operations Pool (background).
2026-10-05 10:03:54  F15 pulse sent to Operations Pool (background).
2026-10-05 10:04:05  F15 pulse sent to Operations Pool (background).
2026-10-05 10:04:16  F15 pulse sent to Operations Pool (background).
2026-10-05 10:04:26  F15 pulse sent to Operations Pool (background).
2026-10-05 10:04:36  F15 pulse sent to Operations Pool (background).
2026-10-05 10:04:47  F15 pulse sent to Operations Pool (background).
2026-10-05 10:04:58  F15 pulse sent to Operations Pool (background).
2026-10-05 10:05:08  F15 pulse sent to Operations Pool (background).
2026-10-05 10:05:19  F15 pulse sent to Operations Pool (background).
2026-10-05 10:05:30  F15 pulse sent to Operations Pool (background).
2026-10-05 10:05:41  F15 pulse sent to Operations Pool (background).
2026-10-05 10:05:52  F15 pulse sent to Operations Pool (background).
2026-10-05 10:06:03  F15 pulse sent to Operations Pool (background).
2026-10-05 10:06:14  F15 pulse sent to Operations Pool (background).
2026-10-05 10:06:25  F15 pulse sent to Operations Pool (background).
2026-10-05 10:06:35  F15 pulse sent to Operations Pool (background).
2026-10-05 10:06:45  F15 pulse sent to Operations Pool (background).
2026-10-05 10:06:56  F15 pulse sent to Operations Pool (background).
2026-10-05 10:07:07  F15 pulse sent to Operations Pool (background).
2026-10-05 10:07:18  F15 pulse sent to Operations Pool (background).
2026-10-05 10:07:29  F15 pulse sent to Operations Pool (background).
2026-10-05 10:07:40  F15 pulse sent to Operations Pool (background).
2026-10-05 10:07:50  F15 pulse sent to Operations Pool (background).
2026-10-05 10:08:01  F15 pulse sent to Operations Pool (background).
2026-10-05 10:08:11  F15 pulse sent to Operations Pool (background).
2026-10-05 10:08:22  F15 pulse sent to Operations Pool (background).
2026-10-05 10:08:33  F15 pulse sent to Operations Pool (background).
2026-10-05 10:08:43  F15 pulse sent to Operations Pool (background).
2026-10-05 10:08:54  F15 pulse sent to Operations Pool (background).
2026-10-05 10:09:05  F15 pulse sent to Operations Pool (background).
2026-10-05 10:09:15  F15 pulse sent to Operations Pool (background).
2026-10-05 10:09:26  F15 pulse sent to Operations Pool (background).
2026-10-05 10:09:37  F15 pulse sent to Operations Pool (background).
2026-10-05 10:09:48  F15 pulse sent to Operations Pool (background).
2026-10-05 10:09:59  F15 pulse sent to Operations Pool (background).
2026-10-05 10:10:10  F15 pulse sent to Operations Pool (background).
2026-10-05 10:10:21  F15 pulse sent to Operations Pool (background).
2026-10-05 10:10:32  F15 pulse sent to Operations Pool (background).
2026-10-05 10:10:42  F15 pulse sent to Operations Pool (background).
2026-10-05 10:10:52  F15 pulse sent to Operations Pool (background).
2026-10-05 10:11:03  F15 pulse sent to Operations Pool (background).
2026-10-05 10:11:14  F15 pulse sent to Operations Pool (background).
2026-10-05 10:11:25  F15 pulse sent to Operations Pool (background).
2026-10-05 10:11:36  F15 pulse sent to Operations Pool (background).
2026-10-05 10:11:47  F15 pulse sent to Operations Pool (background).
2026-10-05 10:11:58  F15 pulse sent to Operations Pool (background).
2026-10-05 10:12:09  F15 pulse sent to Operations Pool (background).
2026-10-05 10:12:20  F15 pulse sent to Operations Pool (background).
2026-10-05 10:12:31  F15 pulse sent to Operations Pool (background).
2026-10-05 10:12:42  F15 pulse sent to Operations Pool (background).
2026-10-05 10:12:53  F15 pulse sent to Operations Pool (background).
2026-10-05 10:13:04  F15 pulse sent to Operations Pool (background).
2026-10-05 10:13:15  F15 pulse sent to Operations Pool (background).
2026-10-05 10:13:26  F15 pulse sent to Operations Pool (background).
2026-10-05 10:13:36  F15 pulse sent to Operations Pool (background).
2026-10-05 10:13:47  F15 pulse sent to Operations Pool (background).
2026-10-05 10:13:58  F15 pulse sent to Operations Pool (background).
2026-10-05 10:14:09  F15 pulse sent to Operations Pool (background).
2026-10-05 10:14:20  F15 pulse sent to Operations Pool (background).
2026-10-05 10:14:31  F15 pulse sent to Operations Pool (background).
2026-10-05 10:14:42  F15 pulse sent to Operations Pool (background).
2026-10-05 10:14:53  F15 pulse sent to Operations Pool (background).
2026-10-05 10:15:03  F15 pulse sent to Operations Pool (background).
2026-10-05 10:15:14  F15 pulse sent to Operations Pool (locked/background).
2026-10-05 10:15:25  F15 pulse sent to Operations Pool (background).
2026-10-05 10:15:36  F15 pulse sent to Operations Pool (background).
2026-10-05 10:15:51  F15 pulse sent to Operations Pool (background).
2026-10-05 10:16:02  F15 pulse sent to Operations Pool (background).
2026-10-05 10:16:12  F15 pulse sent to Operations Pool (background).
2026-10-05 10:17:32  F15 pulse sent to Operations Pool (background).
2026-10-05 10:18:30  F15 pulse sent to Operations Pool (background).
2026-10-05 10:18:41  F15 pulse sent to Operations Pool (background).
2026-10-05 10:18:52  F15 pulse sent to Operations Pool (background).
2026-10-05 10:19:03  F15 pulse sent to Operations Pool (background).
2026-10-05 10:19:14  F15 pulse sent to Operations Pool (background).
2026-10-05 10:19:24  F15 pulse sent to Operations Pool (background).
2026-10-05 10:19:34  F15 pulse sent to Operations Pool (background).
2026-10-05 10:19:45  F15 pulse sent to Operations Pool (background).
2026-10-05 10:20:47  F15 pulse sent to Operations Pool (background).
2026-10-05 10:20:58  F15 pulse sent to Operations Pool (background).
2026-10-05 10:21:09  F15 pulse sent to Operations Pool (background).
2026-10-05 10:21:20  F15 pulse sent to Operations Pool (background).
2026-10-05 10:21:31  F15 pulse sent to Operations Pool (background).
2026-10-05 10:21:49  F15 pulse sent to Operations Pool (background).
2026-10-05 10:22:00  F15 pulse sent to Operations Pool (background).
2026-10-05 10:22:11  F15 pulse sent to Operations Pool (background).
2026-10-05 10:22:21  F15 pulse sent to Operations Pool (background).
2026-10-05 10:22:32  F15 pulse sent to Operations Pool (background).
2026-10-05 10:22:43  F15 pulse sent to Operations Pool (background).
2026-10-05 10:22:54  F15 pulse sent to Operations Pool (background).
2026-10-05 10:23:05  F15 pulse sent to Operations Pool (background).
2026-10-05 10:23:16  F15 pulse sent to Operations Pool (background).
2026-10-05 10:23:29  F15 pulse sent to Operations Pool (background).
2026-10-05 10:24:47  F15 pulse sent to Operations Pool (foreground input).
2026-10-05 10:25:07  F15 pulse sent to Operations Pool (foreground input).
2026-10-05 10:25:37  F15 pulse sent to Operations Pool (background).
2026-10-05 10:25:48  F15 pulse sent to Operations Pool (background).
2026-10-05 10:25:59  F15 pulse sent to Operations Pool (background).
2026-10-05 10:26:10  F15 pulse sent to Operations Pool (background).
2026-10-05 10:26:20  F15 pulse sent to Operations Pool (background).
2026-10-05 10:26:44  F15 pulse sent to Operations Pool (background).
2026-10-05 10:26:54  F15 pulse sent to Operations Pool (background).
2026-10-05 10:27:05  F15 pulse sent to Operations Pool (background).
2026-10-05 10:27:16  F15 pulse sent to Operations Pool (background).
2026-10-05 10:28:05  F15 pulse sent to Operations Pool (background).
2026-10-05 10:35:08  F15 pulse sent to Operations Pool (foreground input).
2026-10-05 10:35:19  F15 pulse sent to Operations Pool (foreground input).
2026-10-05 10:35:30  F15 pulse sent to Operations Pool (foreground input).
2026-10-05 10:41:24  F15 pulse sent to Operations Pool (foreground input).
2026-10-05 10:42:30  F15 pulse sent to Operations Pool (foreground input).
2026-10-05 10:42:41  F15 pulse sent to Operations Pool (foreground input).
2026-10-05 10:43:24  Stopped.
2026-10-05 11:11:56  Started. Pulse interval: 10 seconds. Scheduled end: 2026-10-05 19:11:56.
2026-10-05 11:11:58  F15 pulse sent to Operations Pool (background).
2026-10-05 11:12:37  F15 pulse sent to Operations Pool (background).
2026-10-05 11:12:48  F15 pulse sent to Operations Pool (background).
2026-10-05 11:12:59  F15 pulse sent to Operations Pool (background).
2026-10-05 11:13:10  F15 pulse sent to Operations Pool (background).
2026-10-05 11:13:21  F15 pulse sent to Operations Pool (background).
2026-10-05 11:13:32  F15 pulse sent to Operations Pool (background).
2026-10-05 11:13:43  F15 pulse sent to Operations Pool (background).
2026-10-05 11:13:54  F15 pulse sent to Operations Pool (background).
2026-10-05 11:14:04  F15 pulse sent to Operations Pool (background).
2026-10-05 11:14:15  F15 pulse sent to Operations Pool (background).
2026-10-05 11:14:25  F15 pulse sent to Operations Pool (background).
2026-10-05 11:14:36  F15 pulse sent to Operations Pool (background).
2026-10-05 11:14:47  F15 pulse sent to Operations Pool (background).
2026-10-05 11:14:58  F15 pulse sent to Operations Pool (background).
2026-10-05 11:15:09  F15 pulse sent to Operations Pool (background).
2026-10-05 11:15:20  F15 pulse sent to Operations Pool (background).
2026-10-05 11:15:54  F15 pulse sent to Operations Pool (background).
2026-10-05 11:16:49  F15 pulse sent to Operations Pool (foreground input).
2026-10-05 11:17:42  F15 pulse sent to Operations Pool (background).
2026-10-05 11:17:53  F15 pulse sent to Operations Pool (background).
2026-10-05 11:18:04  F15 pulse sent to Operations Pool (background).
2026-10-05 11:18:15  F15 pulse sent to Operations Pool (background).
2026-10-05 11:18:51  F15 pulse sent to Operations Pool (background).
2026-10-05 11:19:02  F15 pulse sent to Operations Pool (background).
2026-10-05 11:19:13  F15 pulse sent to Operations Pool (background).
2026-10-05 11:19:39  F15 pulse sent to Operations Pool (background).
2026-10-05 11:19:50  F15 pulse sent to Operations Pool (background).
2026-10-05 11:20:00  F15 pulse sent to Operations Pool (background).
2026-10-05 11:20:10  F15 pulse sent to Operations Pool (background).
2026-10-05 11:20:21  F15 pulse sent to Operations Pool (background).
2026-10-05 11:20:51  F15 pulse sent to Operations Pool (background).
2026-10-05 11:21:01  F15 pulse sent to Operations Pool (background).
2026-10-05 11:21:14  F15 pulse sent to Operations Pool (background).
2026-10-05 11:21:25  F15 pulse sent to Operations Pool (background).
2026-10-05 11:21:36  F15 pulse sent to Operations Pool (background).
2026-10-05 11:21:46  F15 pulse sent to Operations Pool (background).
2026-10-05 11:21:57  F15 pulse sent to Operations Pool (background).
2026-10-05 11:22:08  F15 pulse sent to Operations Pool (background).
2026-10-05 11:22:19  F15 pulse sent to Operations Pool (background).
2026-10-05 11:22:30  F15 pulse sent to Operations Pool (background).
2026-10-05 11:22:41  F15 pulse sent to Operations Pool (background).
2026-10-05 11:22:52  F15 pulse sent to Operations Pool (background).
2026-10-05 11:23:02  F15 pulse sent to Operations Pool (background).
2026-10-05 11:23:13  F15 pulse sent to Operations Pool (background).
2026-10-05 11:23:24  F15 pulse sent to Operations Pool (background).
2026-10-05 11:23:35  F15 pulse sent to Operations Pool (background).
2026-10-05 11:23:45  F15 pulse sent to Operations Pool (background).
2026-10-05 11:23:56  F15 pulse sent to Operations Pool (background).
2026-10-05 11:24:07  F15 pulse sent to Operations Pool (background).
2026-10-05 11:24:18  F15 pulse sent to Operations Pool (background).
2026-10-05 11:24:29  F15 pulse sent to Operations Pool (background).
2026-10-05 11:24:40  F15 pulse sent to Operations Pool (background).
2026-10-05 11:24:51  F15 pulse sent to Operations Pool (background).
2026-10-05 11:25:02  F15 pulse sent to Operations Pool (background).
2026-10-05 11:25:13  F15 pulse sent to Operations Pool (background).
2026-10-05 11:25:24  F15 pulse sent to Operations Pool (background).
2026-10-05 11:25:35  F15 pulse sent to Operations Pool (background).
2026-10-05 11:25:46  F15 pulse sent to Operations Pool (background).
2026-10-05 11:25:57  F15 pulse sent to Operations Pool (background).
2026-10-05 11:26:07  F15 pulse sent to Operations Pool (background).
2026-10-05 11:26:18  F15 pulse sent to Operations Pool (background).
2026-10-05 11:26:28  F15 pulse sent to Operations Pool (background).
2026-10-05 11:26:39  F15 pulse sent to Operations Pool (background).
2026-10-05 11:26:50  F15 pulse sent to Operations Pool (background).
2026-10-05 11:27:01  F15 pulse sent to Operations Pool (background).
2026-10-05 11:27:12  F15 pulse sent to Operations Pool (background).
2026-10-05 11:27:23  F15 pulse sent to Operations Pool (background).
2026-10-05 11:27:34  F15 pulse sent to Operations Pool (background).
2026-10-05 11:27:45  F15 pulse sent to Operations Pool (background).
2026-10-05 11:27:56  F15 pulse sent to Operations Pool (background).
2026-10-05 11:28:07  F15 pulse sent to Operations Pool (background).
2026-10-05 11:28:18  F15 pulse sent to Operations Pool (background).
2026-10-05 11:28:29  F15 pulse sent to Operations Pool (background).
2026-10-05 11:28:40  F15 pulse sent to Operations Pool (background).
2026-10-05 11:28:51  F15 pulse sent to Operations Pool (background).
2026-10-05 11:29:02  F15 pulse sent to Operations Pool (background).
2026-10-05 11:29:12  F15 pulse sent to Operations Pool (background).
2026-10-05 11:29:23  F15 pulse sent to Operations Pool (background).
2026-10-05 11:29:34  F15 pulse sent to Operations Pool (background).
2026-10-05 11:29:44  F15 pulse sent to Operations Pool (background).
2026-10-05 11:29:55  F15 pulse sent to Operations Pool (background).
2026-10-05 11:30:06  F15 pulse sent to Operations Pool (background).
2026-10-05 11:30:17  F15 pulse sent to Operations Pool (background).
2026-10-05 11:30:28  F15 pulse sent to Operations Pool (background).
2026-10-05 11:30:39  F15 pulse sent to Operations Pool (background).
2026-10-05 11:30:50  F15 pulse sent to Operations Pool (background).
2026-10-05 11:31:01  F15 pulse sent to Operations Pool (background).
2026-10-05 11:31:11  F15 pulse sent to Operations Pool (background).
2026-10-05 11:31:22  F15 pulse sent to Operations Pool (background).
2026-10-05 11:31:33  F15 pulse sent to Operations Pool (background).
2026-10-05 11:31:44  F15 pulse sent to Operations Pool (background).
2026-10-05 11:31:55  F15 pulse sent to Operations Pool (background).
2026-10-05 11:32:12  F15 pulse sent to Operations Pool (background).
2026-10-05 11:32:22  F15 pulse sent to Operations Pool (background).
2026-10-05 11:32:33  F15 pulse sent to Operations Pool (background).
2026-10-05 11:32:44  F15 pulse sent to Operations Pool (background).
2026-10-05 11:32:55  F15 pulse sent to Operations Pool (background).
2026-10-05 11:33:06  F15 pulse sent to Operations Pool (background).
2026-10-05 11:33:16  F15 pulse sent to Operations Pool (background).
2026-10-05 11:33:27  F15 pulse sent to Operations Pool (background).
2026-10-05 11:33:38  F15 pulse sent to Operations Pool (background).
2026-10-05 11:33:48  F15 pulse sent to Operations Pool (background).
2026-10-05 11:33:59  F15 pulse sent to Operations Pool (background).
2026-10-05 11:34:10  F15 pulse sent to Operations Pool (background).
2026-10-05 11:34:21  F15 pulse sent to Operations Pool (background).
2026-10-05 11:34:32  F15 pulse sent to Operations Pool (background).
2026-10-05 11:34:45  F15 pulse sent to Operations Pool (background).
2026-10-05 11:34:56  F15 pulse sent to Operations Pool (background).
2026-10-05 11:35:06  F15 pulse sent to Operations Pool (background).
2026-10-05 11:35:17  F15 pulse sent to Operations Pool (background).
2026-10-05 11:35:28  F15 pulse sent to Operations Pool (background).
2026-10-05 11:35:39  F15 pulse sent to Operations Pool (background).
2026-10-05 11:35:50  F15 pulse sent to Operations Pool (background).
2026-10-05 11:36:01  F15 pulse sent to Operations Pool (background).
2026-10-05 11:37:27  F15 pulse sent to Operations Pool (background).
2026-10-05 11:38:02  F15 pulse sent to Operations Pool (background).
2026-10-05 11:38:13  F15 pulse sent to Operations Pool (background).
2026-10-05 11:38:23  F15 pulse sent to Operations Pool (background).
2026-10-05 11:38:34  F15 pulse sent to Operations Pool (background).
2026-10-05 11:38:44  F15 pulse sent to Operations Pool (background).
2026-10-05 11:38:55  F15 pulse sent to Operations Pool (background).
2026-10-05 11:39:06  F15 pulse sent to Operations Pool (background).
2026-10-05 11:39:16  F15 pulse sent to Operations Pool (background).
2026-10-05 11:39:27  F15 pulse sent to Operations Pool (background).
2026-10-05 11:39:38  F15 pulse sent to Operations Pool (background).
2026-10-05 11:39:49  F15 pulse sent to Operations Pool (background).
2026-10-05 11:39:59  F15 pulse sent to Operations Pool (background).
2026-10-05 11:40:10  F15 pulse sent to Operations Pool (background).
2026-10-05 11:40:21  F15 pulse sent to Operations Pool (background).
2026-10-05 11:40:32  F15 pulse sent to Operations Pool (background).
2026-10-05 11:40:43  F15 pulse sent to Operations Pool (background).
2026-10-05 11:40:54  F15 pulse sent to Operations Pool (background).
2026-10-05 11:41:05  F15 pulse sent to Operations Pool (background).
2026-10-05 11:41:16  F15 pulse sent to Operations Pool (background).
2026-10-05 11:41:27  F15 pulse sent to Operations Pool (background).
2026-10-05 11:41:38  F15 pulse sent to Operations Pool (background).
2026-10-05 11:41:48  F15 pulse sent to Operations Pool (background).
2026-10-05 11:41:58  F15 pulse sent to Operations Pool (background).
2026-10-05 11:42:09  F15 pulse sent to Operations Pool (background).
2026-10-05 11:42:20  F15 pulse sent to Operations Pool (background).
2026-10-05 11:42:31  F15 pulse sent to Operations Pool (background).
2026-10-05 11:42:43  F15 pulse sent to Operations Pool (background).
2026-10-05 11:42:54  F15 pulse sent to Operations Pool (background).
2026-10-05 11:43:05  F15 pulse sent to Operations Pool (background).
2026-10-05 11:43:15  F15 pulse sent to Operations Pool (background).
2026-10-05 11:43:26  F15 pulse sent to Operations Pool (background).
2026-10-05 11:43:37  F15 pulse sent to Operations Pool (background).
2026-10-05 11:43:47  F15 pulse sent to Operations Pool (background).
2026-10-05 11:43:58  F15 pulse sent to Operations Pool (background).
2026-10-05 11:44:09  F15 pulse sent to Operations Pool (background).
2026-10-05 11:44:19  F15 pulse sent to Operations Pool (background).
2026-10-05 11:44:30  F15 pulse sent to Operations Pool (background).
2026-10-05 11:44:41  F15 pulse sent to Operations Pool (background).
2026-10-05 11:44:52  F15 pulse sent to Operations Pool (background).
2026-10-05 11:45:09  F15 pulse sent to Operations Pool (background).
2026-10-05 11:45:20  F15 pulse sent to Operations Pool (background).
2026-10-05 11:45:31  F15 pulse sent to Operations Pool (background).
2026-10-05 11:45:42  F15 pulse sent to Operations Pool (background).
2026-10-05 11:45:52  F15 pulse sent to Operations Pool (background).
2026-10-05 11:46:03  F15 pulse sent to Operations Pool (background).
2026-10-05 11:46:14  F15 pulse sent to Operations Pool (background).
2026-10-05 11:46:25  F15 pulse sent to Operations Pool (background).
2026-10-05 11:46:36  F15 pulse sent to Operations Pool (background).
2026-10-05 11:46:47  F15 pulse sent to Operations Pool (background).
2026-10-05 11:46:57  F15 pulse sent to Operations Pool (background).
2026-10-05 11:47:08  F15 pulse sent to Operations Pool (background).
2026-10-05 11:47:18  F15 pulse sent to Operations Pool (background).
2026-10-05 11:47:29  F15 pulse sent to Operations Pool (background).
2026-10-05 11:47:40  F15 pulse sent to Operations Pool (background).
2026-10-05 11:47:51  F15 pulse sent to Operations Pool (background).
2026-10-05 11:48:02  F15 pulse sent to Operations Pool (background).
2026-10-05 11:48:13  F15 pulse sent to Operations Pool (background).
2026-10-05 11:48:24  F15 pulse sent to Operations Pool (background).
2026-10-05 11:48:35  F15 pulse sent to Operations Pool (background).
2026-10-05 11:48:46  F15 pulse sent to Operations Pool (background).
2026-10-05 11:48:57  F15 pulse sent to Operations Pool (background).
2026-10-05 11:49:08  F15 pulse sent to Operations Pool (background).
2026-10-05 11:49:19  F15 pulse sent to Operations Pool (background).
2026-10-05 11:49:29  F15 pulse sent to Operations Pool (background).
2026-10-05 11:49:39  F15 pulse sent to Operations Pool (background).
2026-10-05 11:49:50  F15 pulse sent to Operations Pool (background).
2026-10-05 11:50:00  F15 pulse sent to Operations Pool (background).
2026-10-05 11:50:11  F15 pulse sent to Operations Pool (background).
2026-10-05 11:50:22  F15 pulse sent to Operations Pool (background).
2026-10-05 11:50:32  F15 pulse sent to Operations Pool (background).
2026-10-05 11:50:54  F15 pulse sent to Operations Pool (background).
2026-10-05 11:51:16  F15 pulse sent to Operations Pool (foreground input).
2026-10-05 11:51:27  F15 pulse sent to Operations Pool (foreground input).
2026-10-05 11:51:58  F15 pulse sent to Operations Pool (background).
2026-10-05 11:52:09  F15 pulse sent to Operations Pool (background).
2026-10-05 11:52:20  F15 pulse sent to Operations Pool (background).
2026-10-05 11:52:49  F15 pulse sent to Operations Pool (foreground input).
2026-10-05 11:53:10  F15 pulse sent to Operations Pool (background).
2026-10-05 11:53:21  F15 pulse sent to Operations Pool (background).
2026-10-05 11:53:32  F15 pulse sent to Operations Pool (background).
2026-10-05 11:53:43  F15 pulse sent to Operations Pool (background).
2026-10-05 11:53:54  F15 pulse sent to Operations Pool (background).
2026-10-05 11:54:05  F15 pulse sent to Operations Pool (background).
2026-10-05 11:54:16  F15 pulse sent to Operations Pool (background).
2026-10-05 11:54:26  F15 pulse sent to Operations Pool (background).
2026-10-05 11:54:37  F15 pulse sent to Operations Pool (background).
2026-10-05 11:54:48  F15 pulse sent to Operations Pool (background).
2026-10-05 11:54:58  F15 pulse sent to Operations Pool (background).
2026-10-05 11:55:09  F15 pulse sent to Operations Pool (background).
2026-10-05 11:55:20  F15 pulse sent to Operations Pool (background).
2026-10-05 11:55:31  F15 pulse sent to Operations Pool (background).
2026-10-05 11:55:42  F15 pulse sent to Operations Pool (background).
2026-10-05 11:55:52  F15 pulse sent to Operations Pool (background).
2026-10-05 11:56:03  F15 pulse sent to Operations Pool (background).
2026-10-05 11:56:14  F15 pulse sent to Operations Pool (background).
2026-10-05 11:56:25  F15 pulse sent to Operations Pool (background).
2026-10-05 11:56:36  F15 pulse sent to Operations Pool (background).
2026-10-05 11:56:47  F15 pulse sent to Operations Pool (background).
2026-10-05 11:56:58  F15 pulse sent to Operations Pool (background).
2026-10-05 11:57:08  F15 pulse sent to Operations Pool (background).
2026-10-05 11:57:19  F15 pulse sent to Operations Pool (background).
2026-10-05 11:57:30  F15 pulse sent to Operations Pool (background).
2026-10-05 11:57:41  F15 pulse sent to Operations Pool (background).
2026-10-05 11:57:52  F15 pulse sent to Operations Pool (background).
2026-10-05 11:58:03  F15 pulse sent to Operations Pool (background).
2026-10-05 11:58:14  F15 pulse sent to Operations Pool (background).
2026-10-05 11:58:25  F15 pulse sent to Operations Pool (background).
2026-10-05 11:58:36  F15 pulse sent to Operations Pool (background).
2026-10-05 11:58:47  F15 pulse sent to Operations Pool (background).
2026-10-05 11:58:58  F15 pulse sent to Operations Pool (background).
2026-10-05 11:59:09  F15 pulse sent to Operations Pool (background).
2026-10-05 11:59:20  F15 pulse sent to Operations Pool (background).
2026-10-05 11:59:35  F15 pulse sent to Operations Pool (background).
2026-10-05 11:59:46  F15 pulse sent to Operations Pool (background).
2026-10-05 11:59:57  F15 pulse sent to Operations Pool (background).
2026-10-05 12:00:08  F15 pulse sent to Operations Pool (background).
2026-10-05 12:00:18  F15 pulse sent to Operations Pool (background).
2026-10-05 12:00:29  F15 pulse sent to Operations Pool (background).
2026-10-05 12:00:40  F15 pulse sent to Operations Pool (background).
2026-10-05 12:00:51  F15 pulse sent to Operations Pool (background).
2026-10-05 12:01:02  F15 pulse sent to Operations Pool (background).
2026-10-05 12:01:12  F15 pulse sent to Operations Pool (background).
2026-10-05 12:01:23  F15 pulse sent to Operations Pool (background).
2026-10-05 12:01:33  F15 pulse sent to Operations Pool (background).
2026-10-05 12:01:44  F15 pulse sent to Operations Pool (background).
2026-10-05 12:01:55  F15 pulse sent to Operations Pool (background).
2026-10-05 12:02:05  F15 pulse sent to Operations Pool (background).
2026-10-05 12:02:29  F15 pulse sent to Operations Pool (background).
2026-10-05 12:02:39  F15 pulse sent to Operations Pool (background).
2026-10-05 12:02:50  F15 pulse sent to Operations Pool (background).
2026-10-05 12:03:01  F15 pulse sent to Operations Pool (background).
2026-10-05 12:03:11  F15 pulse sent to Operations Pool (background).
2026-10-05 12:03:22  F15 pulse sent to Operations Pool (background).
2026-10-05 12:03:32  F15 pulse sent to Operations Pool (background).
2026-10-05 12:03:42  F15 pulse sent to Operations Pool (background).
2026-10-05 12:03:52  F15 pulse sent to Operations Pool (background).
2026-10-05 12:04:02  F15 pulse sent to Operations Pool (background).
2026-10-05 12:04:13  F15 pulse sent to Operations Pool (background).
2026-10-05 12:04:24  F15 pulse sent to Operations Pool (background).
2026-10-05 12:04:34  F15 pulse sent to Operations Pool (background).
2026-10-05 12:04:44  F15 pulse sent to Operations Pool (background).
2026-10-05 12:04:54  F15 pulse sent to Operations Pool (background).
2026-10-05 12:05:04  F15 pulse sent to Operations Pool (background).
2026-10-05 12:05:15  F15 pulse sent to Operations Pool (background).
2026-10-05 12:05:25  F15 pulse sent to Operations Pool (background).
2026-10-05 12:05:35  F15 pulse sent to Operations Pool (background).
2026-10-05 12:05:46  F15 pulse sent to Operations Pool (background).
2026-10-05 12:05:57  F15 pulse sent to Operations Pool (background).
2026-10-05 12:06:08  F15 pulse sent to Operations Pool (background).
2026-10-05 12:06:19  F15 pulse sent to Operations Pool (background).
2026-10-05 12:06:29  F15 pulse sent to Operations Pool (background).
2026-10-05 12:06:39  F15 pulse sent to Operations Pool (background).
2026-10-05 12:06:49  F15 pulse sent to Operations Pool (background).
2026-10-05 12:07:00  F15 pulse sent to Operations Pool (background).
2026-10-05 12:07:10  F15 pulse sent to Operations Pool (background).
2026-10-05 12:07:20  F15 pulse sent to Operations Pool (background).
2026-10-05 12:07:30  F15 pulse sent to Operations Pool (background).
2026-10-05 12:07:40  F15 pulse sent to Operations Pool (background).
2026-10-05 12:07:50  F15 pulse sent to Operations Pool (background).
2026-10-05 12:08:01  F15 pulse sent to Operations Pool (background).
2026-10-05 12:08:12  F15 pulse sent to Operations Pool (background).
2026-10-05 12:08:23  F15 pulse sent to Operations Pool (background).
2026-10-05 12:08:34  F15 pulse sent to Operations Pool (background).
2026-10-05 12:08:45  F15 pulse sent to Operations Pool (background).
2026-10-05 12:08:55  F15 pulse sent to Operations Pool (background).
2026-10-05 12:09:05  F15 pulse sent to Operations Pool (background).
2026-10-05 12:09:15  F15 pulse sent to Operations Pool (background).
2026-10-05 12:09:25  F15 pulse sent to Operations Pool (background).
2026-10-05 12:09:35  F15 pulse sent to Operations Pool (background).
2026-10-05 12:09:45  F15 pulse sent to Operations Pool (background).
2026-10-05 12:09:56  F15 pulse sent to Operations Pool (background).
2026-10-05 12:10:06  F15 pulse sent to Operations Pool (background).
2026-10-05 12:10:17  F15 pulse sent to Operations Pool (background).
2026-10-05 12:10:27  F15 pulse sent to Operations Pool (background).
2026-10-05 12:10:37  F15 pulse sent to Operations Pool (background).
2026-10-05 12:10:47  F15 pulse sent to Operations Pool (background).
2026-10-05 12:10:58  F15 pulse sent to Operations Pool (background).
2026-10-05 12:11:09  F15 pulse sent to Operations Pool (background).
2026-10-05 12:11:20  F15 pulse sent to Operations Pool (background).
2026-10-05 12:11:30  F15 pulse sent to Operations Pool (background).
2026-10-05 12:11:40  F15 pulse sent to Operations Pool (background).
2026-10-05 12:11:50  F15 pulse sent to Operations Pool (background).
2026-10-05 12:12:00  F15 pulse sent to Operations Pool (background).
2026-10-05 12:12:10  F15 pulse sent to Operations Pool (background).
2026-10-05 12:12:21  F15 pulse sent to Operations Pool (background).
2026-10-05 12:12:32  F15 pulse sent to Operations Pool (background).
2026-10-05 12:12:42  F15 pulse sent to Operations Pool (background).
2026-10-05 12:12:52  F15 pulse sent to Operations Pool (background).
2026-10-05 12:13:03  F15 pulse sent to Operations Pool (background).
2026-10-05 12:13:13  F15 pulse sent to Operations Pool (background).
2026-10-05 12:13:24  F15 pulse sent to Operations Pool (background).
2026-10-05 12:13:34  F15 pulse sent to Operations Pool (background).
2026-10-05 12:13:45  F15 pulse sent to Operations Pool (background).
2026-10-05 12:13:56  F15 pulse sent to Operations Pool (background).
2026-10-05 12:14:07  F15 pulse sent to Operations Pool (background).
2026-10-05 12:14:17  F15 pulse sent to Operations Pool (background).
2026-10-05 12:14:28  F15 pulse sent to Operations Pool (background).
2026-10-05 12:14:38  F15 pulse sent to Operations Pool (background).
2026-10-05 12:14:48  F15 pulse sent to Operations Pool (background).
2026-10-05 12:14:58  F15 pulse sent to Operations Pool (background).
2026-10-05 12:15:08  F15 pulse sent to Operations Pool (background).
2026-10-05 12:15:18  F15 pulse sent to Operations Pool (background).
2026-10-05 12:15:28  F15 pulse sent to Operations Pool (background).
2026-10-05 12:15:38  F15 pulse sent to Operations Pool (background).
2026-10-05 12:15:48  F15 pulse sent to Operations Pool (background).
2026-10-05 12:15:58  F15 pulse sent to Operations Pool (background).
2026-10-05 12:16:09  F15 pulse sent to Operations Pool (background).
2026-10-05 12:16:19  F15 pulse sent to Operations Pool (background).
2026-10-05 12:16:29  F15 pulse sent to Operations Pool (background).
2026-10-05 12:16:40  F15 pulse sent to Operations Pool (background).
2026-10-05 12:16:50  F15 pulse sent to Operations Pool (background).
2026-10-05 12:17:01  F15 pulse sent to Operations Pool (background).
2026-10-05 12:17:12  F15 pulse sent to Operations Pool (background).
2026-10-05 12:17:22  F15 pulse sent to Operations Pool (background).
2026-10-05 12:17:33  F15 pulse sent to Operations Pool (background).
2026-10-05 12:17:44  F15 pulse sent to Operations Pool (background).
2026-10-05 12:17:54  F15 pulse sent to Operations Pool (background).
2026-10-05 12:18:04  F15 pulse sent to Operations Pool (background).
2026-10-05 12:18:15  F15 pulse sent to Operations Pool (background).
2026-10-05 12:18:25  F15 pulse sent to Operations Pool (background).
2026-10-05 12:18:35  F15 pulse sent to Operations Pool (background).
2026-10-05 12:18:45  F15 pulse sent to Operations Pool (background).
2026-10-05 12:18:55  F15 pulse sent to Operations Pool (background).
2026-10-05 12:19:06  F15 pulse sent to Operations Pool (background).
2026-10-05 12:19:16  F15 pulse sent to Operations Pool (background).
2026-10-05 12:19:47  F15 pulse sent to Operations Pool (background).
2026-10-05 12:22:13  F15 pulse sent to Operations Pool (foreground input).
2026-10-05 12:31:43  F15 pulse sent to Operations Pool (foreground input).
2026-10-05 12:33:01  F15 pulse sent to Operations Pool (background).
2026-10-05 12:33:11  F15 pulse sent to Operations Pool (background).
2026-10-05 12:33:22  F15 pulse sent to Operations Pool (background).
2026-10-05 12:34:08  F15 pulse sent to Operations Pool (foreground input).
2026-10-05 12:39:52  F15 pulse sent to Operations Pool (foreground input).
2026-10-05 12:40:50  F15 pulse sent to Operations Pool (background).
2026-10-05 12:41:01  F15 pulse sent to Operations Pool (background).
2026-10-05 12:41:12  F15 pulse sent to Operations Pool (background).
2026-10-05 12:41:22  F15 pulse sent to Operations Pool (background).
2026-10-05 12:41:33  F15 pulse sent to Operations Pool (background).
2026-10-05 12:41:44  F15 pulse sent to Operations Pool (background).
2026-10-05 12:41:54  F15 pulse sent to Operations Pool (background).
2026-10-05 12:42:04  F15 pulse sent to Operations Pool (background).
2026-10-05 12:42:15  F15 pulse sent to Operations Pool (background).
2026-10-05 12:42:26  F15 pulse sent to Operations Pool (background).
2026-10-05 12:42:38  F15 pulse sent to Operations Pool (background).
2026-10-05 12:42:48  F15 pulse sent to Operations Pool (background).
2026-10-05 12:42:59  F15 pulse sent to Operations Pool (background).
2026-10-05 12:43:10  F15 pulse sent to Operations Pool (background).
2026-10-05 12:43:21  F15 pulse sent to Operations Pool (background).
2026-10-05 12:43:32  F15 pulse sent to Operations Pool (background).
2026-10-05 12:43:43  F15 pulse sent to Operations Pool (background).
2026-10-05 12:43:54  F15 pulse sent to Operations Pool (background).
2026-10-05 12:44:05  F15 pulse sent to Operations Pool (background).
2026-10-05 12:44:15  F15 pulse sent to Operations Pool (background).
2026-10-05 12:44:26  F15 pulse sent to Operations Pool (background).
2026-10-05 12:44:36  F15 pulse sent to Operations Pool (background).
2026-10-05 12:44:47  F15 pulse sent to Operations Pool (background).
2026-10-05 12:44:57  F15 pulse sent to Operations Pool (background).
2026-10-05 12:45:08  F15 pulse sent to Operations Pool (background).
2026-10-05 12:45:19  F15 pulse sent to Operations Pool (background).
2026-10-05 12:45:30  F15 pulse sent to Operations Pool (background).
2026-10-05 12:45:41  F15 pulse sent to Operations Pool (background).
2026-10-05 12:45:52  F15 pulse sent to Operations Pool (background).
2026-10-05 12:46:03  F15 pulse sent to Operations Pool (background).
2026-10-05 12:46:13  F15 pulse sent to Operations Pool (background).
2026-10-05 12:46:24  F15 pulse sent to Operations Pool (background).
2026-10-05 12:46:35  F15 pulse sent to Operations Pool (background).
2026-10-05 12:46:45  F15 pulse sent to Operations Pool (background).
2026-10-05 12:46:56  F15 pulse sent to Operations Pool (background).
2026-10-05 12:47:07  F15 pulse sent to Operations Pool (background).
2026-10-05 12:47:17  F15 pulse sent to Operations Pool (background).
2026-10-05 12:47:28  F15 pulse sent to Operations Pool (background).
2026-10-05 12:47:38  F15 pulse sent to Operations Pool (background).
2026-10-05 12:47:48  F15 pulse sent to Operations Pool (background).
2026-10-05 12:47:59  F15 pulse sent to Operations Pool (background).
2026-10-05 12:48:10  F15 pulse sent to Operations Pool (background).
2026-10-05 12:48:21  F15 pulse sent to Operations Pool (background).
2026-10-05 12:48:32  F15 pulse sent to Operations Pool (background).
2026-10-05 12:48:42  F15 pulse sent to Operations Pool (background).
2026-10-05 12:48:53  F15 pulse sent to Operations Pool (background).
2026-10-05 12:49:03  F15 pulse sent to Operations Pool (background).
2026-10-05 12:49:14  F15 pulse sent to Operations Pool (background).
2026-10-05 12:49:24  F15 pulse sent to Operations Pool (background).
2026-10-05 12:49:35  F15 pulse sent to Operations Pool (background).
2026-10-05 12:49:46  F15 pulse sent to Operations Pool (background).
2026-10-05 12:49:57  F15 pulse sent to Operations Pool (background).
2026-10-05 12:50:07  F15 pulse sent to Operations Pool (background).
2026-10-05 12:50:18  F15 pulse sent to Operations Pool (background).
2026-10-05 12:50:29  F15 pulse sent to Operations Pool (background).
2026-10-05 12:50:39  F15 pulse sent to Operations Pool (background).
2026-10-05 12:50:49  F15 pulse sent to Operations Pool (background).
2026-10-05 12:50:59  F15 pulse sent to Operations Pool (background).
2026-10-05 12:51:10  F15 pulse sent to Operations Pool (background).
2026-10-05 12:51:20  F15 pulse sent to Operations Pool (background).
2026-10-05 12:51:31  F15 pulse sent to Operations Pool (background).
2026-10-05 12:51:42  F15 pulse sent to Operations Pool (background).
2026-10-05 12:51:53  F15 pulse sent to Operations Pool (background).
2026-10-05 12:52:04  F15 pulse sent to Operations Pool (background).
2026-10-05 12:52:15  F15 pulse sent to Operations Pool (background).
2026-10-05 12:52:26  F15 pulse sent to Operations Pool (background).
2026-10-05 12:52:37  F15 pulse sent to Operations Pool (background).
2026-10-05 12:52:48  F15 pulse sent to Operations Pool (background).
2026-10-05 12:52:59  F15 pulse sent to Operations Pool (background).
2026-10-05 12:53:10  F15 pulse sent to Operations Pool (background).
2026-10-05 12:53:21  F15 pulse sent to Operations Pool (background).
2026-10-05 12:53:32  F15 pulse sent to Operations Pool (background).
2026-10-05 12:53:43  F15 pulse sent to Operations Pool (background).
2026-10-05 12:53:54  F15 pulse sent to Operations Pool (background).
2026-10-05 12:54:05  F15 pulse sent to Operations Pool (background).
2026-10-05 12:54:15  F15 pulse sent to Operations Pool (background).
2026-10-05 12:54:26  F15 pulse sent to Operations Pool (background).
2026-10-05 12:54:37  F15 pulse sent to Operations Pool (background).
2026-10-05 12:54:47  F15 pulse sent to Operations Pool (background).
2026-10-05 12:54:57  F15 pulse sent to Operations Pool (background).
2026-10-05 12:55:08  F15 pulse sent to Operations Pool (background).
2026-10-05 12:55:19  F15 pulse sent to Operations Pool (background).
2026-10-05 12:55:29  F15 pulse sent to Operations Pool (background).
2026-10-05 12:55:39  F15 pulse sent to Operations Pool (background).
2026-10-05 12:55:49  F15 pulse sent to Operations Pool (background).
2026-10-05 12:56:00  F15 pulse sent to Operations Pool (background).
2026-10-05 12:56:10  F15 pulse sent to Operations Pool (background).
2026-10-05 12:56:21  F15 pulse sent to Operations Pool (background).
2026-10-05 12:56:31  F15 pulse sent to Operations Pool (background).
2026-10-05 12:56:42  F15 pulse sent to Operations Pool (background).
2026-10-05 12:56:52  F15 pulse sent to Operations Pool (background).
2026-10-05 12:57:03  F15 pulse sent to Operations Pool (background).
2026-10-05 12:57:13  F15 pulse sent to Operations Pool (background).
2026-10-05 12:57:23  F15 pulse sent to Operations Pool (background).
2026-10-05 12:57:34  F15 pulse sent to Operations Pool (background).
2026-10-05 12:57:44  F15 pulse sent to Operations Pool (background).
2026-10-05 12:57:55  F15 pulse sent to Operations Pool (background).
2026-10-05 12:58:06  F15 pulse sent to Operations Pool (background).
2026-10-05 12:58:16  F15 pulse sent to Operations Pool (background).
2026-10-05 12:58:27  F15 pulse sent to Operations Pool (background).
2026-10-05 12:58:38  F15 pulse sent to Operations Pool (background).
2026-10-05 12:58:49  F15 pulse sent to Operations Pool (background).
2026-10-05 12:59:00  F15 pulse sent to Operations Pool (background).
2026-10-05 12:59:10  F15 pulse sent to Operations Pool (background).
2026-10-05 12:59:20  F15 pulse sent to Operations Pool (background).
2026-10-05 12:59:30  F15 pulse sent to Operations Pool (background).
2026-10-05 12:59:41  F15 pulse sent to Operations Pool (background).
2026-10-05 12:59:51  F15 pulse sent to Operations Pool (background).
2026-10-05 13:00:02  F15 pulse sent to Operations Pool (background).
2026-10-05 13:00:13  F15 pulse sent to Operations Pool (background).
2026-10-05 13:00:24  F15 pulse sent to Operations Pool (background).
2026-10-05 13:00:35  F15 pulse sent to Operations Pool (background).
2026-10-05 13:00:45  F15 pulse sent to Operations Pool (background).
2026-10-05 13:00:55  F15 pulse sent to Operations Pool (background).
2026-10-05 13:01:06  F15 pulse sent to Operations Pool (background).
2026-10-05 13:01:17  F15 pulse sent to Operations Pool (background).
2026-10-05 13:01:27  F15 pulse sent to Operations Pool (background).
2026-10-05 13:01:38  F15 pulse sent to Operations Pool (background).
2026-10-05 13:01:49  F15 pulse sent to Operations Pool (background).
2026-10-05 13:01:59  F15 pulse sent to Operations Pool (background).
2026-10-05 13:02:10  F15 pulse sent to Operations Pool (background).
2026-10-05 13:02:21  F15 pulse sent to Operations Pool (background).
2026-10-05 13:02:32  F15 pulse sent to Operations Pool (background).
2026-10-05 13:02:43  F15 pulse sent to Operations Pool (background).
2026-10-05 13:02:54  F15 pulse sent to Operations Pool (background).
2026-10-05 13:03:04  F15 pulse sent to Operations Pool (background).
2026-10-05 13:03:15  F15 pulse sent to Operations Pool (background).
2026-10-05 13:03:26  F15 pulse sent to Operations Pool (background).
2026-10-05 13:03:37  F15 pulse sent to Operations Pool (background).
2026-10-05 13:03:48  F15 pulse sent to Operations Pool (background).
2026-10-05 13:03:59  F15 pulse sent to Operations Pool (background).
2026-10-05 13:04:10  F15 pulse sent to Operations Pool (background).
2026-10-05 13:04:21  F15 pulse sent to Operations Pool (background).
2026-10-05 13:04:32  F15 pulse sent to Operations Pool (background).
2026-10-05 13:04:43  F15 pulse sent to Operations Pool (background).
2026-10-05 13:04:54  F15 pulse sent to Operations Pool (background).
2026-10-05 13:05:05  F15 pulse sent to Operations Pool (background).
2026-10-05 13:05:15  F15 pulse sent to Operations Pool (background).
2026-10-05 13:05:26  F15 pulse sent to Operations Pool (background).
2026-10-05 13:05:37  F15 pulse sent to Operations Pool (background).
2026-10-05 13:05:48  F15 pulse sent to Operations Pool (background).
2026-10-05 13:05:59  F15 pulse sent to Operations Pool (background).
2026-10-05 13:06:10  F15 pulse sent to Operations Pool (background).
2026-10-05 13:06:21  F15 pulse sent to Operations Pool (background).
2026-10-05 13:06:32  F15 pulse sent to Operations Pool (background).
2026-10-05 13:06:42  F15 pulse sent to Operations Pool (background).
2026-10-05 13:06:53  F15 pulse sent to Operations Pool (background).
2026-10-05 13:07:04  F15 pulse sent to Operations Pool (background).
2026-10-05 13:07:15  F15 pulse sent to Operations Pool (background).
2026-10-05 13:07:25  F15 pulse sent to Operations Pool (background).
2026-10-05 13:07:36  F15 pulse sent to Operations Pool (background).
2026-10-05 13:07:46  F15 pulse sent to Operations Pool (background).
2026-10-05 13:07:57  F15 pulse sent to Operations Pool (background).
2026-10-05 13:08:07  F15 pulse sent to Operations Pool (background).
2026-10-05 13:08:17  F15 pulse sent to Operations Pool (background).
2026-10-05 13:08:28  F15 pulse sent to Operations Pool (background).
2026-10-05 13:08:39  F15 pulse sent to Operations Pool (background).
2026-10-05 13:08:50  F15 pulse sent to Operations Pool (background).
2026-10-05 13:09:01  F15 pulse sent to Operations Pool (background).
2026-10-05 13:09:11  F15 pulse sent to Operations Pool (background).
2026-10-05 13:09:21  F15 pulse sent to Operations Pool (background).
2026-10-05 13:09:32  F15 pulse sent to Operations Pool (background).
2026-10-05 13:09:43  F15 pulse sent to Operations Pool (background).
2026-10-05 13:09:54  F15 pulse sent to Operations Pool (background).
2026-10-05 13:10:04  F15 pulse sent to Operations Pool (background).
2026-10-05 13:10:14  F15 pulse sent to Operations Pool (background).
2026-10-05 13:10:24  F15 pulse sent to Operations Pool (background).
2026-10-05 13:10:35  F15 pulse sent to Operations Pool (background).
2026-10-05 13:10:46  F15 pulse sent to Operations Pool (background).
2026-10-05 13:10:57  F15 pulse sent to Operations Pool (background).
2026-10-05 13:11:08  F15 pulse sent to Operations Pool (background).
2026-10-05 13:11:19  F15 pulse sent to Operations Pool (background).
2026-10-05 13:11:30  F15 pulse sent to Operations Pool (background).
2026-10-05 13:11:40  F15 pulse sent to Operations Pool (background).
2026-10-05 13:11:51  F15 pulse sent to Operations Pool (background).
2026-10-05 13:12:02  F15 pulse sent to Operations Pool (background).
2026-10-05 13:12:12  F15 pulse sent to Operations Pool (background).
2026-10-05 13:12:23  F15 pulse sent to Operations Pool (background).
2026-10-05 13:12:34  F15 pulse sent to Operations Pool (background).
2026-10-05 13:12:45  F15 pulse sent to Operations Pool (background).
2026-10-05 13:12:56  F15 pulse sent to Operations Pool (background).
2026-10-05 13:13:06  F15 pulse sent to Operations Pool (background).
2026-10-05 13:13:17  F15 pulse sent to Operations Pool (background).
2026-10-05 13:13:28  F15 pulse sent to Operations Pool (background).
2026-10-05 13:13:38  F15 pulse sent to Operations Pool (background).
2026-10-05 13:13:49  F15 pulse sent to Operations Pool (background).
2026-10-05 13:14:00  F15 pulse sent to Operations Pool (background).
2026-10-05 13:14:10  F15 pulse sent to Operations Pool (background).
2026-10-05 13:14:21  F15 pulse sent to Operations Pool (background).
2026-10-05 13:14:32  F15 pulse sent to Operations Pool (background).
2026-10-05 13:14:43  F15 pulse sent to Operations Pool (background).
2026-10-05 13:14:54  F15 pulse sent to Operations Pool (background).
2026-10-05 13:15:05  F15 pulse sent to Operations Pool (background).
2026-10-05 13:15:15  F15 pulse sent to Operations Pool (background).
2026-10-05 13:15:26  F15 pulse sent to Operations Pool (background).
2026-10-05 13:15:37  F15 pulse sent to Operations Pool (background).
2026-10-05 13:15:48  F15 pulse sent to Operations Pool (background).
2026-10-05 13:15:59  F15 pulse sent to Operations Pool (background).
2026-10-05 13:16:10  F15 pulse sent to Operations Pool (background).
2026-10-05 13:16:21  F15 pulse sent to Operations Pool (background).
2026-10-05 13:16:32  F15 pulse sent to Operations Pool (background).
2026-10-05 13:16:43  F15 pulse sent to Operations Pool (background).
2026-10-05 13:16:54  F15 pulse sent to Operations Pool (background).
2026-10-05 13:17:04  F15 pulse sent to Operations Pool (background).
2026-10-05 13:17:15  F15 pulse sent to Operations Pool (background).
2026-10-05 13:17:26  F15 pulse sent to Operations Pool (background).
2026-10-05 13:17:37  F15 pulse sent to Operations Pool (background).
2026-10-05 13:17:48  F15 pulse sent to Operations Pool (background).
2026-10-05 13:17:59  F15 pulse sent to Operations Pool (background).
2026-10-05 13:18:09  F15 pulse sent to Operations Pool (background).
2026-10-05 13:18:19  F15 pulse sent to Operations Pool (background).
2026-10-05 13:18:30  F15 pulse sent to Operations Pool (background).
2026-10-05 13:18:41  F15 pulse sent to Operations Pool (background).
2026-10-05 13:18:51  F15 pulse sent to Operations Pool (background).
2026-10-05 13:19:02  F15 pulse sent to Operations Pool (background).
2026-10-05 13:19:13  F15 pulse sent to Operations Pool (background).
2026-10-05 13:19:23  F15 pulse sent to Operations Pool (background).
2026-10-05 13:19:33  F15 pulse sent to Operations Pool (background).
2026-10-05 13:19:43  F15 pulse sent to Operations Pool (background).
2026-10-05 13:19:54  F15 pulse sent to Operations Pool (background).
2026-10-05 13:20:04  F15 pulse sent to Operations Pool (background).
2026-10-05 13:20:15  F15 pulse sent to Operations Pool (background).
2026-10-05 13:20:26  F15 pulse sent to Operations Pool (background).
2026-10-05 13:20:36  F15 pulse sent to Operations Pool (background).
2026-10-05 13:20:47  F15 pulse sent to Operations Pool (background).
2026-10-05 13:20:58  F15 pulse sent to Operations Pool (background).
2026-10-05 13:21:08  F15 pulse sent to Operations Pool (background).
2026-10-05 13:21:19  F15 pulse sent to Operations Pool (background).
2026-10-05 13:21:30  F15 pulse sent to Operations Pool (background).
2026-10-05 13:21:41  F15 pulse sent to Operations Pool (background).
2026-10-05 13:21:52  F15 pulse sent to Operations Pool (background).
2026-10-05 13:22:03  F15 pulse sent to Operations Pool (background).
2026-10-05 13:22:13  F15 pulse sent to Operations Pool (background).
2026-10-05 13:22:23  F15 pulse sent to Operations Pool (background).
2026-10-05 13:22:33  F15 pulse sent to Operations Pool (background).
2026-10-05 13:22:43  F15 pulse sent to Operations Pool (background).
2026-10-05 13:22:53  F15 pulse sent to Operations Pool (background).
2026-10-05 13:23:03  F15 pulse sent to Operations Pool (background).
2026-10-05 13:23:14  F15 pulse sent to Operations Pool (background).
2026-10-05 13:23:24  F15 pulse sent to Operations Pool (background).
2026-10-05 13:23:35  F15 pulse sent to Operations Pool (background).
2026-10-05 13:23:46  F15 pulse sent to Operations Pool (background).
2026-10-05 13:23:57  F15 pulse sent to Operations Pool (background).
2026-10-05 13:24:08  F15 pulse sent to Operations Pool (background).
2026-10-05 13:24:18  F15 pulse sent to Operations Pool (background).
2026-10-05 13:24:29  F15 pulse sent to Operations Pool (background).
2026-10-05 13:24:39  F15 pulse sent to Operations Pool (background).
2026-10-05 13:24:50  F15 pulse sent to Operations Pool (background).
2026-10-05 13:25:01  F15 pulse sent to Operations Pool (background).
2026-10-05 13:25:12  F15 pulse sent to Operations Pool (background).
2026-10-05 13:25:23  F15 pulse sent to Operations Pool (background).
2026-10-05 13:25:33  F15 pulse sent to Operations Pool (background).
2026-10-05 13:25:44  F15 pulse sent to Operations Pool (background).
2026-10-05 13:25:55  F15 pulse sent to Operations Pool (background).
2026-10-05 13:26:06  F15 pulse sent to Operations Pool (background).
2026-10-05 13:26:17  F15 pulse sent to Operations Pool (background).
2026-10-05 13:26:27  F15 pulse sent to Operations Pool (background).
2026-10-05 13:26:38  F15 pulse sent to Operations Pool (background).
2026-10-05 13:26:49  F15 pulse sent to Operations Pool (background).
2026-10-05 13:27:00  F15 pulse sent to Operations Pool (background).
2026-10-05 13:27:10  F15 pulse sent to Operations Pool (background).
2026-10-05 13:27:20  F15 pulse sent to Operations Pool (background).
2026-10-05 13:27:31  F15 pulse sent to Operations Pool (locked/background).
2026-10-05 13:27:41  F15 pulse sent to Operations Pool (background).
2026-10-05 13:32:32  F15 pulse sent to Operations Pool (foreground input).
2026-10-05 13:35:38  F15 pulse sent to Operations Pool (foreground input).
2026-10-05 13:35:56  F15 pulse sent to Operations Pool (foreground input).
2026-10-05 13:36:44  F15 pulse sent to Operations Pool (foreground input).
2026-10-05 13:37:36  F15 pulse sent to Operations Pool (foreground input).
2026-10-05 13:37:47  F15 pulse sent to Operations Pool (foreground input).
2026-10-05 13:37:58  F15 pulse sent to Operations Pool (foreground input).
2026-10-05 13:38:09  F15 pulse sent to Operations Pool (foreground input).
2026-10-05 13:38:20  F15 pulse sent to Operations Pool (foreground input).
2026-10-05 13:38:31  F15 pulse sent to Operations Pool (foreground input).
2026-10-05 13:38:42  F15 pulse sent to Operations Pool (foreground input).
2026-10-05 13:38:53  F15 pulse sent to Operations Pool (foreground input).
2026-10-05 13:39:31  F15 pulse sent to Operations Pool (foreground input).
2026-10-05 13:40:56  F15 pulse sent to Operations Pool (foreground input).
2026-10-05 13:43:10  F15 pulse sent to Operations Pool (foreground input).
2026-10-05 13:43:47  F15 pulse sent to Operations Pool (foreground input).
2026-10-05 13:44:31  F15 pulse sent to Operations Pool (foreground input).
2026-10-05 13:44:55  F15 pulse sent to Operations Pool (foreground input).
2026-10-05 13:45:42  F15 pulse sent to Operations Pool (foreground input).
2026-10-05 13:47:10  F15 pulse sent to Operations Pool (foreground input).
2026-10-05 13:47:21  F15 pulse sent to Operations Pool (foreground input).
2026-10-05 13:47:32  F15 pulse sent to Operations Pool (foreground input).
2026-10-05 13:47:43  F15 pulse sent to Operations Pool (foreground input).
2026-10-05 13:49:06  F15 pulse sent to Operations Pool (foreground input).
2026-10-05 13:50:41  F15 pulse sent to Operations Pool (foreground input).
2026-10-05 13:50:52  F15 pulse sent to Operations Pool (foreground input).
2026-10-05 13:55:16  F15 pulse sent to Operations Pool (foreground input).
2026-10-05 13:55:57  F15 pulse sent to Operations Pool (foreground input).
2026-10-05 13:56:22  F15 pulse sent to Operations Pool (foreground input).
2026-10-05 14:03:21  F15 pulse sent to Operations Pool (foreground input).
2026-10-05 14:05:10  F15 pulse sent to Operations Pool (foreground input).
2026-10-05 14:07:16  F15 pulse sent to Operations Pool (foreground input).
2026-10-05 14:07:27  F15 pulse sent to Operations Pool (foreground input).
2026-10-05 14:07:38  F15 pulse sent to Operations Pool (foreground input).
2026-10-05 14:09:58  F15 pulse sent to Operations Pool (background).
2026-10-05 14:10:05  Stopped.
2026-10-05 14:40:20  Started. Pulse interval: 10 seconds. Scheduled end: 2026-10-05 22:40:20.
2026-10-05 14:40:25  F15 pulse sent to Operations Pool (background).
2026-10-05 14:40:36  F15 pulse sent to Operations Pool (background).
2026-10-05 14:40:46  F15 pulse sent to Operations Pool (background).
2026-10-05 14:40:57  F15 pulse sent to Operations Pool (background).
2026-10-05 14:41:07  F15 pulse sent to Operations Pool (background).
2026-10-05 14:41:18  F15 pulse sent to Operations Pool (background).
2026-10-05 14:41:29  F15 pulse sent to Operations Pool (background).
2026-10-05 14:41:39  F15 pulse sent to Operations Pool (background).
2026-10-05 14:41:50  F15 pulse sent to Operations Pool (background).
2026-10-05 14:42:01  F15 pulse sent to Operations Pool (background).
2026-10-05 14:42:12  F15 pulse sent to Operations Pool (background).
2026-10-05 14:42:23  F15 pulse sent to Operations Pool (background).
2026-10-05 14:42:33  F15 pulse sent to Operations Pool (background).
2026-10-05 14:42:43  F15 pulse sent to Operations Pool (background).
2026-10-05 14:42:54  F15 pulse sent to Operations Pool (background).
2026-10-05 14:43:04  F15 pulse sent to Operations Pool (background).
2026-10-05 14:43:17  F15 pulse sent to Operations Pool (background).
2026-10-05 14:43:27  F15 pulse sent to Operations Pool (background).
2026-10-05 14:43:38  F15 pulse sent to Operations Pool (background).
2026-10-05 14:43:48  F15 pulse sent to Operations Pool (background).
2026-10-05 14:43:59  F15 pulse sent to Operations Pool (background).
2026-10-05 14:44:35  F15 pulse sent to Operations Pool (background).
2026-10-05 14:44:46  F15 pulse sent to Operations Pool (background).
2026-10-05 14:44:57  F15 pulse sent to Operations Pool (background).
2026-10-05 14:45:08  F15 pulse sent to Operations Pool (background).
2026-10-05 14:45:19  F15 pulse sent to Operations Pool (background).
2026-10-05 14:45:30  F15 pulse sent to Operations Pool (background).
2026-10-05 14:45:40  F15 pulse sent to Operations Pool (background).
2026-10-05 14:45:50  F15 pulse sent to Operations Pool (background).
2026-10-05 14:46:00  F15 pulse sent to Operations Pool (background).
2026-10-05 14:46:11  F15 pulse sent to Operations Pool (background).
2026-10-05 14:46:21  F15 pulse sent to Operations Pool (background).
2026-10-05 14:46:31  F15 pulse sent to Operations Pool (background).
2026-10-05 14:46:42  F15 pulse sent to Operations Pool (background).
2026-10-05 14:46:53  F15 pulse sent to Operations Pool (background).
2026-10-05 14:47:03  F15 pulse sent to Operations Pool (background).
2026-10-05 14:47:13  F15 pulse sent to Operations Pool (background).
2026-10-05 14:47:24  F15 pulse sent to Operations Pool (background).
2026-10-05 14:47:35  F15 pulse sent to Operations Pool (background).
2026-10-05 14:47:46  F15 pulse sent to Operations Pool (background).
2026-10-05 14:47:57  F15 pulse sent to Operations Pool (background).
2026-10-05 14:48:41  F15 pulse sent to Operations Pool (background).
2026-10-05 14:48:52  F15 pulse sent to Operations Pool (background).
2026-10-05 14:49:03  F15 pulse sent to Operations Pool (background).
2026-10-05 14:49:13  F15 pulse sent to Operations Pool (background).
2026-10-05 14:49:24  F15 pulse sent to Operations Pool (background).
2026-10-05 14:49:34  F15 pulse sent to Operations Pool (background).
2026-10-05 14:49:45  F15 pulse sent to Operations Pool (background).
2026-10-05 14:49:55  F15 pulse sent to Operations Pool (background).
2026-10-05 14:50:06  F15 pulse sent to Operations Pool (background).
2026-10-05 14:50:17  F15 pulse sent to Operations Pool (background).
2026-10-05 14:50:28  F15 pulse sent to Operations Pool (background).
2026-10-05 14:50:38  F15 pulse sent to Operations Pool (background).
2026-10-05 14:50:48  F15 pulse sent to Operations Pool (background).
2026-10-05 14:50:59  F15 pulse sent to Operations Pool (background).
2026-10-05 14:51:09  F15 pulse sent to Operations Pool (background).
2026-10-05 14:51:19  F15 pulse sent to Operations Pool (background).
2026-10-05 14:51:30  F15 pulse sent to Operations Pool (background).
2026-10-05 14:51:41  F15 pulse sent to Operations Pool (background).
2026-10-05 14:51:51  F15 pulse sent to Operations Pool (background).
2026-10-05 14:52:01  F15 pulse sent to Operations Pool (background).
2026-10-05 14:52:11  F15 pulse sent to Operations Pool (background).
2026-10-05 14:52:21  F15 pulse sent to Operations Pool (background).
2026-10-05 14:52:31  F15 pulse sent to Operations Pool (background).
2026-10-05 14:52:53  F15 pulse sent to Operations Pool (background).
2026-10-05 14:53:15  F15 pulse sent to Operations Pool (background).
2026-10-05 14:53:39  F15 pulse sent to Operations Pool (background).
2026-10-05 14:54:08  F15 pulse sent to Operations Pool (background).
2026-10-05 14:54:18  F15 pulse sent to Operations Pool (background).
2026-10-05 14:54:58  F15 pulse sent to Operations Pool (background).
2026-10-05 14:55:09  F15 pulse sent to Operations Pool (background).
2026-10-05 14:55:19  F15 pulse sent to Operations Pool (background).
2026-10-05 14:55:30  F15 pulse sent to Operations Pool (background).
2026-10-05 14:55:40  F15 pulse sent to Operations Pool (background).
2026-10-05 14:55:51  F15 pulse sent to Operations Pool (background).
2026-10-05 14:56:01  F15 pulse sent to Operations Pool (background).
2026-10-05 14:56:11  F15 pulse sent to Operations Pool (background).
2026-10-05 14:56:21  F15 pulse sent to Operations Pool (background).
2026-10-05 14:56:31  F15 pulse sent to Operations Pool (background).
2026-10-05 14:56:42  F15 pulse sent to Operations Pool (background).
2026-10-05 14:56:53  F15 pulse sent to Operations Pool (background).
2026-10-05 14:57:03  F15 pulse sent to Operations Pool (background).
2026-10-05 14:57:14  F15 pulse sent to Operations Pool (background).
2026-10-05 14:57:24  F15 pulse sent to Operations Pool (background).
2026-10-05 14:57:35  F15 pulse sent to Operations Pool (background).
2026-10-05 14:57:46  F15 pulse sent to Operations Pool (background).
2026-10-05 14:57:57  F15 pulse sent to Operations Pool (background).
2026-10-05 14:58:07  F15 pulse sent to Operations Pool (background).
2026-10-05 14:58:17  F15 pulse sent to Operations Pool (background).
2026-10-05 14:58:28  F15 pulse sent to Operations Pool (background).
2026-10-05 14:58:39  F15 pulse sent to Operations Pool (background).
2026-10-05 14:59:15  F15 pulse sent to Operations Pool (background).
2026-10-05 14:59:26  F15 pulse sent to Operations Pool (background).
2026-10-05 14:59:36  F15 pulse sent to Operations Pool (background).
2026-10-05 14:59:46  F15 pulse sent to Operations Pool (background).
2026-10-05 15:00:03  F15 pulse sent to Operations Pool (background).
2026-10-05 15:01:24  F15 pulse sent to Operations Pool (background).
2026-10-05 15:01:34  F15 pulse sent to Operations Pool (background).
2026-10-05 15:01:44  F15 pulse sent to Operations Pool (background).
2026-10-05 15:01:55  F15 pulse sent to Operations Pool (background).
2026-10-05 15:02:06  F15 pulse sent to Operations Pool (background).
2026-10-05 15:02:17  F15 pulse sent to Operations Pool (background).
2026-10-05 15:02:28  F15 pulse sent to Operations Pool (background).
2026-10-05 15:02:38  F15 pulse sent to Operations Pool (background).
2026-10-05 15:02:48  F15 pulse sent to Operations Pool (background).
2026-10-05 15:02:59  F15 pulse sent to Operations Pool (background).
2026-10-05 15:03:09  F15 pulse sent to Operations Pool (background).
2026-10-05 15:03:20  F15 pulse sent to Operations Pool (background).
2026-10-05 15:03:35  F15 pulse sent to Operations Pool (background).
2026-10-05 15:03:46  F15 pulse sent to Operations Pool (background).
2026-10-05 15:03:57  F15 pulse sent to Operations Pool (background).
2026-10-05 15:04:08  F15 pulse sent to Operations Pool (background).
2026-10-05 15:04:20  F15 pulse sent to Operations Pool (background).
2026-10-05 15:04:30  F15 pulse sent to Operations Pool (background).
2026-10-05 15:04:40  F15 pulse sent to Operations Pool (background).
2026-10-05 15:04:51  F15 pulse sent to Operations Pool (background).
2026-10-05 15:05:01  F15 pulse sent to Operations Pool (background).
2026-10-05 15:05:11  F15 pulse sent to Operations Pool (background).
2026-10-05 15:05:21  F15 pulse sent to Operations Pool (background).
2026-10-05 15:05:32  F15 pulse sent to Operations Pool (background).
2026-10-05 15:05:42  F15 pulse sent to Operations Pool (background).
2026-10-05 15:05:52  F15 pulse sent to Operations Pool (background).
2026-10-05 15:06:03  F15 pulse sent to Operations Pool (background).
2026-10-05 15:06:14  F15 pulse sent to Operations Pool (background).
2026-10-05 15:06:25  F15 pulse sent to Operations Pool (background).
2026-10-05 15:06:36  F15 pulse sent to Operations Pool (background).
2026-10-05 15:06:46  F15 pulse sent to Operations Pool (background).
2026-10-05 15:06:56  F15 pulse sent to Operations Pool (background).
2026-10-05 15:07:29  F15 pulse sent to Operations Pool (background).
2026-10-05 15:07:39  F15 pulse sent to Operations Pool (background).
2026-10-05 15:08:48  F15 pulse sent to Operations Pool (background).
2026-10-05 15:08:59  F15 pulse sent to Operations Pool (background).
2026-10-05 15:09:10  F15 pulse sent to Operations Pool (background).
2026-10-05 15:09:20  F15 pulse sent to Operations Pool (background).
2026-10-05 15:09:31  F15 pulse sent to Operations Pool (background).
2026-10-05 15:09:41  F15 pulse sent to Operations Pool (background).
2026-10-05 15:09:51  F15 pulse sent to Operations Pool (background).
2026-10-05 15:10:01  F15 pulse sent to Operations Pool (background).
2026-10-05 15:10:11  F15 pulse sent to Operations Pool (background).
2026-10-05 15:10:23  F15 pulse sent to Operations Pool (background).
2026-10-05 15:10:33  F15 pulse sent to Operations Pool (background).
2026-10-05 15:10:44  F15 pulse sent to Operations Pool (background).
2026-10-05 15:10:55  F15 pulse sent to Operations Pool (background).
2026-10-05 15:11:05  F15 pulse sent to Operations Pool (background).
2026-10-05 15:11:16  F15 pulse sent to Operations Pool (background).
2026-10-05 15:11:27  F15 pulse sent to Operations Pool (background).
2026-10-05 15:11:37  F15 pulse sent to Operations Pool (background).
2026-10-05 15:11:48  F15 pulse sent to Operations Pool (background).
2026-10-05 15:11:59  F15 pulse sent to Operations Pool (background).
2026-10-05 15:12:10  F15 pulse sent to Operations Pool (background).
2026-10-05 15:12:21  F15 pulse sent to Operations Pool (background).
2026-10-05 15:12:31  F15 pulse sent to Operations Pool (background).
2026-10-05 15:12:42  F15 pulse sent to Operations Pool (background).
2026-10-05 15:13:01  F15 pulse sent to Operations Pool (background).
2026-10-05 15:13:12  F15 pulse sent to Operations Pool (background).
2026-10-05 15:13:29  F15 pulse sent to Operations Pool (background).
2026-10-05 15:13:40  F15 pulse sent to Operations Pool (locked/background).
2026-10-05 15:13:52  F15 pulse sent to Operations Pool (background).
2026-10-05 15:14:02  F15 pulse sent to Operations Pool (background).
2026-10-05 15:14:12  F15 pulse sent to Operations Pool (background).
2026-10-05 15:14:22  F15 pulse sent to Operations Pool (background).
2026-10-05 15:14:33  F15 pulse sent to Operations Pool (background).
2026-10-05 15:14:44  F15 pulse sent to Operations Pool (background).
2026-10-05 15:14:54  F15 pulse sent to Operations Pool (background).
2026-10-05 15:15:04  F15 pulse sent to Operations Pool (background).
2026-10-05 15:15:14  F15 pulse sent to Operations Pool (background).
2026-10-05 15:15:24  F15 pulse sent to Operations Pool (background).
2026-10-05 15:15:35  F15 pulse sent to Operations Pool (background).
2026-10-05 15:15:46  F15 pulse sent to Operations Pool (background).
2026-10-05 15:15:56  F15 pulse sent to Operations Pool (background).
2026-10-05 15:16:07  F15 pulse sent to Operations Pool (background).
2026-10-05 15:16:18  F15 pulse sent to Operations Pool (background).
2026-10-05 15:16:29  F15 pulse sent to Operations Pool (background).
2026-10-05 15:16:40  F15 pulse sent to Operations Pool (background).
2026-10-05 15:16:51  F15 pulse sent to Operations Pool (background).
2026-10-05 15:17:02  F15 pulse sent to Operations Pool (background).
2026-10-05 15:17:12  F15 pulse sent to Operations Pool (background).
2026-10-05 15:17:37  F15 pulse sent to Operations Pool (foreground input).
2026-10-05 15:17:48  F15 pulse sent to Operations Pool (foreground input).
2026-10-05 15:17:59  F15 pulse sent to Operations Pool (foreground input).
2026-10-05 15:18:10  F15 pulse sent to Operations Pool (foreground input).
2026-10-05 15:18:21  F15 pulse sent to Operations Pool (foreground input).
2026-10-05 15:18:32  F15 pulse sent to Operations Pool (foreground input).
2026-10-05 15:18:43  F15 pulse sent to Operations Pool (foreground input).
2026-10-05 15:18:54  F15 pulse sent to Operations Pool (foreground input).
2026-10-05 15:19:05  F15 pulse sent to Operations Pool (foreground input).
2026-10-05 15:19:16  F15 pulse sent to Operations Pool (foreground input).
2026-10-05 15:19:27  F15 pulse sent to Operations Pool (background).
2026-10-05 15:19:37  F15 pulse sent to Operations Pool (background).
2026-10-05 15:19:47  F15 pulse sent to Operations Pool (background).
2026-10-05 15:19:57  F15 pulse sent to Operations Pool (background).
2026-10-05 15:20:08  F15 pulse sent to Operations Pool (background).
2026-10-05 15:20:19  F15 pulse sent to Operations Pool (background).
2026-10-05 15:20:29  F15 pulse sent to Operations Pool (background).
2026-10-05 15:20:40  F15 pulse sent to Operations Pool (background).
2026-10-05 15:20:51  F15 pulse sent to Operations Pool (background).
2026-10-05 15:21:02  F15 pulse sent to Operations Pool (background).
2026-10-05 15:21:12  F15 pulse sent to Operations Pool (background).
2026-10-05 15:21:22  F15 pulse sent to Operations Pool (background).
2026-10-05 15:21:33  F15 pulse sent to Operations Pool (background).
2026-10-05 15:21:43  F15 pulse sent to Operations Pool (background).
2026-10-05 15:21:53  F15 pulse sent to Operations Pool (background).
2026-10-05 15:22:03  F15 pulse sent to Operations Pool (background).
2026-10-05 15:22:14  F15 pulse sent to Operations Pool (background).
2026-10-05 15:22:32  F15 pulse sent to Operations Pool (background).
2026-10-05 15:22:43  F15 pulse sent to Operations Pool (background).
2026-10-05 15:22:53  F15 pulse sent to Operations Pool (background).
2026-10-05 15:23:04  F15 pulse sent to Operations Pool (background).
2026-10-05 15:23:27  F15 pulse sent to Operations Pool (background).
2026-10-05 15:23:38  F15 pulse sent to Operations Pool (background).
2026-10-05 15:23:48  F15 pulse sent to Operations Pool (background).
2026-10-05 15:23:59  F15 pulse sent to Operations Pool (background).
2026-10-05 15:24:10  F15 pulse sent to Operations Pool (background).
2026-10-05 15:24:20  F15 pulse sent to Operations Pool (background).
2026-10-05 15:24:31  F15 pulse sent to Operations Pool (background).
2026-10-05 15:24:42  F15 pulse sent to Operations Pool (background).
2026-10-05 15:24:53  F15 pulse sent to Operations Pool (background).
2026-10-05 15:25:03  F15 pulse sent to Operations Pool (background).
2026-10-05 15:25:13  F15 pulse sent to Operations Pool (background).
2026-10-05 15:25:23  F15 pulse sent to Operations Pool (background).
2026-10-05 15:25:34  F15 pulse sent to Operations Pool (background).
2026-10-05 15:25:44  F15 pulse sent to Operations Pool (background).
2026-10-05 15:25:58  F15 pulse sent to Operations Pool (background).
2026-10-05 15:26:08  F15 pulse sent to Operations Pool (background).
2026-10-05 15:26:18  F15 pulse sent to Operations Pool (background).
2026-10-05 15:26:33  F15 pulse sent to Operations Pool (foreground input).
2026-10-05 15:26:45  F15 pulse sent to Operations Pool (background).
2026-10-05 15:26:55  F15 pulse sent to Operations Pool (background).
2026-10-05 15:27:05  F15 pulse sent to Operations Pool (background).
2026-10-05 15:27:16  F15 pulse sent to Operations Pool (background).
2026-10-05 15:27:27  F15 pulse sent to Operations Pool (background).
2026-10-05 15:27:38  F15 pulse sent to Operations Pool (background).
2026-10-05 15:27:49  F15 pulse sent to Operations Pool (background).
2026-10-05 15:28:00  F15 pulse sent to Operations Pool (background).
2026-10-05 15:28:10  F15 pulse sent to Operations Pool (background).
2026-10-05 15:28:20  F15 pulse sent to Operations Pool (background).
2026-10-05 15:28:31  F15 pulse sent to Operations Pool (background).
2026-10-05 15:28:41  F15 pulse sent to Operations Pool (background).
2026-10-05 15:28:52  F15 pulse sent to Operations Pool (background).
2026-10-05 15:29:02  F15 pulse sent to Operations Pool (background).
2026-10-05 15:29:12  F15 pulse sent to Operations Pool (background).
2026-10-05 15:29:23  F15 pulse sent to Operations Pool (background).
2026-10-05 15:29:33  F15 pulse sent to Operations Pool (background).
2026-10-05 15:29:43  F15 pulse sent to Operations Pool (background).
2026-10-05 15:29:54  F15 pulse sent to Operations Pool (background).
2026-10-05 15:30:05  F15 pulse sent to Operations Pool (background).
2026-10-05 15:30:16  F15 pulse sent to Operations Pool (background).
2026-10-05 15:30:27  F15 pulse sent to Operations Pool (background).
2026-10-05 15:30:37  F15 pulse sent to Operations Pool (background).
2026-10-05 15:30:47  F15 pulse sent to Operations Pool (background).
2026-10-05 15:30:57  F15 pulse sent to Operations Pool (background).
2026-10-05 15:31:08  F15 pulse sent to Operations Pool (background).
2026-10-05 15:31:26  F15 pulse sent to Operations Pool (background).
2026-10-05 15:31:36  F15 pulse sent to Operations Pool (background).
2026-10-05 15:31:46  F15 pulse sent to Operations Pool (background).
2026-10-05 15:31:56  F15 pulse sent to Operations Pool (background).
2026-10-05 15:32:06  F15 pulse sent to Operations Pool (background).
2026-10-05 15:32:16  F15 pulse sent to Operations Pool (background).
2026-10-05 15:32:27  F15 pulse sent to Operations Pool (background).
2026-10-05 15:32:38  F15 pulse sent to Operations Pool (background).
2026-10-05 15:32:49  F15 pulse sent to Operations Pool (background).
2026-10-05 15:33:13  F15 pulse sent to Operations Pool (background).
2026-10-05 15:33:24  F15 pulse sent to Operations Pool (background).
2026-10-05 15:33:35  F15 pulse sent to Operations Pool (background).
2026-10-05 15:33:45  F15 pulse sent to Operations Pool (background).
2026-10-05 15:33:55  F15 pulse sent to Operations Pool (background).
2026-10-05 15:34:06  F15 pulse sent to Operations Pool (background).
2026-10-05 15:34:17  F15 pulse sent to Operations Pool (background).
2026-10-05 15:34:27  F15 pulse sent to Operations Pool (background).
2026-10-05 15:34:38  F15 pulse sent to Operations Pool (background).
2026-10-05 15:34:49  F15 pulse sent to Operations Pool (background).
2026-10-05 15:35:00  F15 pulse sent to Operations Pool (background).
2026-10-05 15:35:11  F15 pulse sent to Operations Pool (background).
2026-10-05 15:35:32  F15 pulse sent to Operations Pool (background).
2026-10-05 15:35:43  F15 pulse sent to Operations Pool (background).
2026-10-05 15:35:53  F15 pulse sent to Operations Pool (background).
2026-10-05 15:36:04  F15 pulse sent to Operations Pool (background).
2026-10-05 15:36:16  F15 pulse sent to Operations Pool (background).
2026-10-05 15:36:27  F15 pulse sent to Operations Pool (background).
2026-10-05 15:36:38  F15 pulse sent to Operations Pool (background).
2026-10-05 15:36:48  F15 pulse sent to Operations Pool (background).
2026-10-05 15:36:58  F15 pulse sent to Operations Pool (background).
2026-10-05 15:37:08  F15 pulse sent to Operations Pool (background).
2026-10-05 15:37:19  F15 pulse sent to Operations Pool (background).
2026-10-05 15:37:29  F15 pulse sent to Operations Pool (background).
2026-10-05 15:37:40  F15 pulse sent to Operations Pool (background).
2026-10-05 15:37:51  F15 pulse sent to Operations Pool (background).
2026-10-05 15:38:01  F15 pulse sent to Operations Pool (background).
2026-10-05 15:38:12  F15 pulse sent to Operations Pool (background).
2026-10-05 15:38:22  F15 pulse sent to Operations Pool (background).
2026-10-05 15:38:33  F15 pulse sent to Operations Pool (background).
2026-10-05 15:38:50  F15 pulse sent to Operations Pool (foreground input).
2026-10-05 15:39:01  F15 pulse sent to Operations Pool (foreground input).
2026-10-05 15:39:12  F15 pulse sent to Operations Pool (background).
2026-10-05 15:39:23  F15 pulse sent to Operations Pool (background).
2026-10-05 15:39:34  F15 pulse sent to Operations Pool (background).
2026-10-05 15:39:45  F15 pulse sent to Operations Pool (background).
2026-10-05 15:39:55  F15 pulse sent to Operations Pool (background).
2026-10-05 15:40:06  F15 pulse sent to Operations Pool (background).
2026-10-05 15:40:17  F15 pulse sent to Operations Pool (background).
2026-10-05 15:40:28  F15 pulse sent to Operations Pool (background).
2026-10-05 15:40:38  F15 pulse sent to Operations Pool (background).
2026-10-05 15:40:49  F15 pulse sent to Operations Pool (background).
2026-10-05 15:41:00  F15 pulse sent to Operations Pool (background).
2026-10-05 15:41:11  F15 pulse sent to Operations Pool (background).
2026-10-05 15:41:21  F15 pulse sent to Operations Pool (background).
2026-10-05 15:41:32  F15 pulse sent to Operations Pool (background).
2026-10-05 15:41:42  F15 pulse sent to Operations Pool (background).
2026-10-05 15:42:07  F15 pulse sent to Operations Pool (background).
2026-10-05 15:42:18  F15 pulse sent to Operations Pool (background).
2026-10-05 15:42:29  F15 pulse sent to Operations Pool (background).
2026-10-05 15:42:39  F15 pulse sent to Operations Pool (background).
2026-10-05 15:42:52  F15 pulse sent to Operations Pool (background).
2026-10-05 15:43:03  F15 pulse sent to Operations Pool (background).
2026-10-05 15:43:14  F15 pulse sent to Operations Pool (background).
2026-10-05 15:43:24  F15 pulse sent to Operations Pool (background).
2026-10-05 15:43:34  F15 pulse sent to Operations Pool (background).
2026-10-05 15:43:50  F15 pulse sent to Operations Pool (foreground input).
2026-10-05 15:44:01  F15 pulse sent to Operations Pool (background).
2026-10-05 15:44:12  F15 pulse sent to Operations Pool (background).
2026-10-05 15:44:23  F15 pulse sent to Operations Pool (background).
2026-10-05 15:44:34  F15 pulse sent to Operations Pool (background).
2026-10-05 15:44:44  F15 pulse sent to Operations Pool (background).
2026-10-05 15:44:55  F15 pulse sent to Operations Pool (background).
2026-10-05 15:45:06  F15 pulse sent to Operations Pool (background).
2026-10-05 15:45:17  F15 pulse sent to Operations Pool (background).
2026-10-05 15:45:28  F15 pulse sent to Operations Pool (background).
2026-10-05 15:45:39  F15 pulse sent to Operations Pool (background).
2026-10-05 15:45:49  F15 pulse sent to Operations Pool (background).
2026-10-05 15:46:00  F15 pulse sent to Operations Pool (background).
2026-10-05 15:46:10  F15 pulse sent to Operations Pool (background).
2026-10-05 15:46:21  F15 pulse sent to Operations Pool (background).
2026-10-05 15:46:32  F15 pulse sent to Operations Pool (background).
2026-10-05 15:46:43  F15 pulse sent to Operations Pool (background).
2026-10-05 15:46:54  F15 pulse sent to Operations Pool (background).
2026-10-05 15:47:04  F15 pulse sent to Operations Pool (background).
2026-10-05 15:47:23  F15 pulse sent to Operations Pool (background).
2026-10-05 15:47:34  F15 pulse sent to Operations Pool (background).
2026-10-05 15:47:45  F15 pulse sent to Operations Pool (background).
2026-10-05 15:47:56  F15 pulse sent to Operations Pool (background).
2026-10-05 15:48:07  F15 pulse sent to Operations Pool (background).
2026-10-05 15:48:23  F15 pulse sent to Operations Pool (background).
2026-10-05 15:48:37  F15 pulse sent to Operations Pool (background).
2026-10-05 15:48:47  F15 pulse sent to Operations Pool (background).
2026-10-05 15:48:58  F15 pulse sent to Operations Pool (background).
2026-10-05 15:49:09  F15 pulse sent to Operations Pool (background).
2026-10-05 15:49:20  F15 pulse sent to Operations Pool (background).
2026-10-05 15:49:47  F15 pulse sent to Operations Pool (foreground input).
2026-10-05 15:49:58  F15 pulse sent to Operations Pool (foreground input).
2026-10-05 15:50:10  F15 pulse sent to Operations Pool (background).
2026-10-05 15:50:20  F15 pulse sent to Operations Pool (background).
2026-10-05 15:50:30  F15 pulse sent to Operations Pool (background).
2026-10-05 15:50:41  F15 pulse sent to Operations Pool (background).
2026-10-05 15:50:52  F15 pulse sent to Operations Pool (background).
2026-10-05 15:51:03  F15 pulse sent to Operations Pool (background).
2026-10-05 15:51:14  F15 pulse sent to Operations Pool (background).
2026-10-05 15:51:25  F15 pulse sent to Operations Pool (background).
2026-10-05 15:51:36  F15 pulse sent to Operations Pool (background).
2026-10-05 15:51:47  F15 pulse sent to Operations Pool (background).
2026-10-05 15:51:57  F15 pulse sent to Operations Pool (background).
2026-10-05 15:52:07  F15 pulse sent to Operations Pool (background).
2026-10-05 15:52:34  F15 pulse sent to Operations Pool (background).
2026-10-05 15:52:44  F15 pulse sent to Operations Pool (background).
2026-10-05 15:52:54  F15 pulse sent to Operations Pool (background).
2026-10-05 15:53:05  F15 pulse sent to Operations Pool (background).
2026-10-05 15:53:16  F15 pulse sent to Operations Pool (background).
2026-10-05 15:53:27  F15 pulse sent to Operations Pool (background).
2026-10-05 15:53:38  F15 pulse sent to Operations Pool (background).
2026-10-05 15:53:48  F15 pulse sent to Operations Pool (background).
2026-10-05 15:53:58  F15 pulse sent to Operations Pool (background).
2026-10-05 15:54:09  F15 pulse sent to Operations Pool (background).
2026-10-05 15:54:19  F15 pulse sent to Operations Pool (background).
2026-10-05 15:54:30  F15 pulse sent to Operations Pool (background).
2026-10-05 15:54:41  F15 pulse sent to Operations Pool (background).
2026-10-05 15:54:52  F15 pulse sent to Operations Pool (background).
2026-10-05 15:55:03  F15 pulse sent to Operations Pool (background).
2026-10-05 15:55:13  F15 pulse sent to Operations Pool (background).
2026-10-05 15:55:24  F15 pulse sent to Operations Pool (background).
2026-10-05 15:55:35  F15 pulse sent to Operations Pool (background).
2026-10-05 15:55:45  F15 pulse sent to Operations Pool (background).
2026-10-05 15:55:59  F15 pulse sent to Operations Pool (background).
2026-10-05 15:56:10  F15 pulse sent to Operations Pool (background).
2026-10-05 15:56:20  F15 pulse sent to Operations Pool (background).
2026-10-05 15:56:30  F15 pulse sent to Operations Pool (background).
2026-10-05 15:56:41  F15 pulse sent to Operations Pool (background).
2026-10-05 15:56:51  F15 pulse sent to Operations Pool (background).
2026-10-05 15:57:02  F15 pulse sent to Operations Pool (background).
2026-10-05 15:57:13  F15 pulse sent to Operations Pool (background).
2026-10-05 15:57:29  F15 pulse sent to Operations Pool (background).
2026-10-05 15:57:41  F15 pulse sent to Operations Pool (foreground input).
2026-10-05 15:57:52  F15 pulse sent to Operations Pool (foreground input).
2026-10-05 15:58:06  F15 pulse sent to Operations Pool (background).
2026-10-05 15:58:17  F15 pulse sent to Operations Pool (background).
2026-10-05 15:58:27  F15 pulse sent to Operations Pool (background).
2026-10-05 15:58:38  F15 pulse sent to Operations Pool (background).
2026-10-05 15:59:00  F15 pulse sent to Operations Pool (background).
2026-10-05 15:59:11  F15 pulse sent to Operations Pool (background).
2026-10-05 15:59:21  F15 pulse sent to Operations Pool (background).
2026-10-05 15:59:31  F15 pulse sent to Operations Pool (background).
2026-10-05 15:59:42  F15 pulse sent to Operations Pool (background).
2026-10-05 15:59:53  F15 pulse sent to Operations Pool (background).
2026-10-05 16:00:04  F15 pulse sent to Operations Pool (background).
2026-10-05 16:00:14  F15 pulse sent to Operations Pool (background).
2026-10-05 16:00:26  F15 pulse sent to Operations Pool (background).
2026-10-05 16:00:36  F15 pulse sent to Operations Pool (background).
2026-10-05 16:00:46  F15 pulse sent to Operations Pool (background).
2026-10-05 16:00:56  F15 pulse sent to Operations Pool (background).
2026-10-05 16:01:06  F15 pulse sent to Operations Pool (background).
2026-10-05 16:01:17  F15 pulse sent to Operations Pool (background).
2026-10-05 16:01:27  F15 pulse sent to Operations Pool (background).
2026-10-05 16:01:43  F15 pulse sent to Operations Pool (background).
